Microchip MPLAB XC8 Compiler V2.40

Linker command line:

-W-3 \
  --edf=C:/Users/jorda/.mchp_packs/Microchip/PIC18F-K_DFP/1.8.249/xc8\pic\dat\20230209213641_en.msgs \
  -cn -h+dist/default/production\TrainerMini.X.production.sym \
  --cmf=dist/default/production\TrainerMini.X.production.cmf -z -Q18F45K50 \
  -oC:\Users\jorda\AppData\Local\Temp\xcAs18q8.4 --defsym=__MPLAB_BUILD=1 \
  --fixupoverflow=error \
  -Mdist/default/production/TrainerMini.X.production.map \
  --md=C:\Users\jorda\AppData\Local\Temp\xcAs18q8.dat -E1 -ver=XC8 Compiler \
  --acfsm=1493 -ACODE=00h-07FFFh -ACONST=00h-07FFFh \
  -ASMALLCONST=0800h-08FFhx120 -AMEDIUMCONST=0800h-07FFFh -ACOMRAM=01h-05Fh \
  -AABS1=00h-07FFh -ABIGRAM=01h-07FFh -ARAM=060h-0FFh,0100h-01FFhx7 \
  -ABANK0=060h-0FFh -ABANK1=0100h-01FFh -ABANK2=0200h-02FFh \
  -ABANK3=0300h-03FFh -ABANK4=0400h-04FFh -ABANK5=0500h-05FFh \
  -ABANK6=0600h-06FFh -ABANK7=0700h-07FFh -ASFR=0F53h-0F5Fh,0F60h-0FFFh \
  -ABIGSFR=0F53h-0FFFh -ACONFIG=0300000h-030000Dh -AIDLOC=0200000h-0200007h \
  -AEEDATA=0F00000h-0F000FFh -peeprom_data=EEDATA \
  -preset_vec=00h,intcode=08h,intcodelo,powerup,init -pramtop=0800h \
  -psmallconst=SMALLCONST -pmediumconst=MEDIUMCONST -pconst=CONST \
  -AFARRAM=00h-00h \
  -prdata=COMRAM,nvrram=COMRAM,nvbit=COMRAM,rbss=COMRAM,rbit=COMRAM \
  -pfarbss=FARRAM,fardata=FARRAM,nvFARRAM=FARRAM \
  -pintsave_regs=BIGRAM,bigbss=BIGRAM,bigdata=BIGRAM -pbss=RAM \
  -pidata=CODE,irdata=CODE,ibigdata=CODE,ifardata=CODE -prparam=COMRAM \
  C:\Users\jorda\AppData\Local\Temp\xcAs18q8.o \
  dist/default/production\TrainerMini.X.production.o 

Object code version is 3.11

Machine type is 18F45K50



                Name                               Link     Load   Length Selector   Space Scale
C:\Users\jorda\AppData\Local\Temp\xcAs18q8.o
                idloc                            200000   200000        8        0       5
                config                           300000   300000        E        0       4
                init                                 8C       8C        4        4       0
                reset_vec                             0        0        4        0       0
dist/default/production\TrainerMini.X.production.o
                intcode                               8        8       84        4       0
                idloc                            200000   200000        8        0       5
                config                           300000   300000        E        0       4
                temp                                 19       19        1        1       1
                text4                               1EC      1EC        8        4       0
                text3                               1AA      1AA       14        4       0
                text2                               1BE      1BE       12        4       0
                text1                               1E0      1E0        C        4       0
                text0                                90       90       E6        4       0
                cstackCOMRAM                         11       11        5        1       1
                dataCOMRAM                            1        1       10        1       1
                bssCOMRAM                            16       16        3        1       1
                cinit                               176      176       34        4       0
                idataCOMRAM                         1D0      1D0       10        4       0

TOTAL           Name                               Link     Load   Length     Space
        CLASS   CODE           
                intcode                               8        8       84         0
                init                                 8C       8C        4         0
                reset_vec                             0        0        4         0
                text4                               1EC      1EC        8         0
                text3                               1AA      1AA       14         0
                text2                               1BE      1BE       12         0
                text1                               1E0      1E0        C         0
                text0                                90       90       E6         0
                cinit                               176      176       34         0
                idataCOMRAM                         1D0      1D0       10         0

        CLASS   CONST          

        CLASS   SMALLCONST     

        CLASS   MEDIUMCONST    

        CLASS   COMRAM         
                temp                                 19       19        1         1
                cstackCOMRAM                         11       11        5         1
                dataCOMRAM                            1        1       10         1
                bssCOMRAM                            16       16        3         1

        CLASS   ABS1           

        CLASS   BIGRAM         

        CLASS   RAM            

        CLASS   BANK0          

        CLASS   BANK1          

        CLASS   BANK2          

        CLASS   BANK3          

        CLASS   BANK4          

        CLASS   BANK5          

        CLASS   BANK6          

        CLASS   BANK7          

        CLASS   SFR            

        CLASS   BIGSFR         

        CLASS   CONFIG         
                config                           300000   300000        E         4

        CLASS   IDLOC          
                idloc                            200000   200000        8         5

        CLASS   EEDATA         

        CLASS   FARRAM         

        CLASS   HEAP           

        CLASS   STACK          



SEGMENTS        Name                           Load    Length   Top    Selector   Space  Class

                reset_vec                      000000  000004  000004         0       0  CODE    
                dataCOMRAM                     000001  000019  00001A         1       1  COMRAM  
                intcode                        000008  0001EC  0001F4         4       0  CODE    


UNUSED ADDRESS RANGES

        Name                Unused          Largest block    Delta
        BANK0            000060-0000FF               A0
        BANK1            000100-0001FF              100
        BANK2            000200-0002FF              100
        BANK3            000300-0003FF              100
        BANK4            000400-0004FF              100
        BANK5            000500-0005FF              100
        BANK6            000600-0006FF              100
        BANK7            000700-0007FF              100
        BIGRAM           00001A-0007FF              7E6
        BIGSFR           000F53-000FFF               AD
        CODE             000004-000007                4
                         0001F4-007FFF             7E0C
        COMRAM           00001A-00005F               46
        CONST            000004-000007                4
                         0001F4-007FFF             7E0C
        EEDATA           F00000-F000FF              100
        MEDIUMCONST      000800-007FFF             7800
        RAM              000060-0007FF              100
        SFR              000F53-000FFF                D
        SMALLCONST       000800-007FFF              100

                                  Symbol Table

_ADCON0bits                      (abs)        000FC2
_ADCON1bits                      (abs)        000FC1
_ADCON2bits                      (abs)        000FC0
_ADRESH                          (abs)        000FC4
_ADRESL                          (abs)        000FC3
_ANSELBbits                      (abs)        000F5C
_ANSELCbits                      (abs)        000F5D
_ANSELD                          (abs)        000F5E
_BAUDCON1                        (abs)        000FB8
_INTCON2bits                     (abs)        000FF1
_INTCON3bits                     (abs)        000FF0
_INTCONbits                      (abs)        000FF2
_INTERRUPT_Global_Config         text4        0001EC
_INTERRUPT_INTx_Config           text3        0001AA
_Keypad4x4                       dataCOMRAM   000001
_LATB                            (abs)        000F8A
_LATD                            (abs)        000F8C
_OSCCONbits                      (abs)        000FD3
_OSCILADOR_Init                  text2        0001BE
_PIE1bits                        (abs)        000F9D
_PIR1bits                        (abs)        000F9E
_PORTB                           (abs)        000F81
_PORTD                           (abs)        000F83
_PORT_Init                       text1        0001E0
_RCONbits                        (abs)        000FD0
_RCREG1                          (abs)        000FAE
_RCSTA1                          (abs)        000FAB
_RCSTA1bits                      (abs)        000FAB
_RutinaServicioInterrupt         intcode      000008
_SPBRG1                          (abs)        000FAF
_SPBRGH1                         (abs)        000FB0
_SSP1ADD                         (abs)        000FC8
_SSP1BUF                         (abs)        000FC9
_SSP1CON1                        (abs)        000FC6
_SSP1CON1bits                    (abs)        000FC6
_SSP1CON2bits                    (abs)        000FC5
_SSP1STAT                        (abs)        000FC7
_SSP1STATbits                    (abs)        000FC7
_SSPCON2bits                     (abs)        000FC5
_TRISB                           (abs)        000F93
_TRISBbits                       (abs)        000F93
_TRISCbits                       (abs)        000F94
_TRISD                           (abs)        000F95
_TXREG1                          (abs)        000FAD
_TXSTA1                          (abs)        000FAC
_TXSTA1bits                      (abs)        000FAC
_WPUB                            (abs)        000F85
__HRAM                           (abs)        000000
__Habs1                          abs1         000000
__Hbank0                         bank0        000000
__Hbank1                         bank1        000000
__Hbank2                         bank2        000000
__Hbank3                         bank3        000000
__Hbank4                         bank4        000000
__Hbank5                         bank5        000000
__Hbank6                         bank6        000000
__Hbank7                         bank7        000000
__Hbigbss                        bigbss       000000
__Hbigdata                       bigdata      000000
__Hbigram                        bigram       000000
__Hbigsfr                        bigsfr       000000
__Hbss                           bss          000000
__HbssCOMRAM                     bssCOMRAM    000000
__Hcinit                         cinit        000000
__Hclrtext                       clrtext      000000
__Hcomram                        comram       000000
__Hconfig                        config       30000E
__Hconst                         const        000000
__HcstackCOMRAM                  cstackCOMRAM 000000
__Hdata                          data         000000
__HdataCOMRAM                    dataCOMRAM   000000
__Heeprom_data                   eeprom_data  000000
__Hfarbss                        farbss       000000
__Hfardata                       fardata      000000
__Hheap                          heap         000000
__Hibigdata                      ibigdata     000000
__Hidata                         idata        000000
__HidataCOMRAM                   idataCOMRAM  000000
__Hidloc                         idloc        200008
__Hifardata                      ifardata     000000
__Hinit                          init         000090
__Hintcode                       intcode      00008C
__Hintcode_body                  intcode_body 000000
__Hintcodelo                     intcodelo    00008C
__Hintentry                      intentry     000000
__Hintret                        intret       000000
__Hintsave_regs                  intsave_regs 000000
__Hirdata                        irdata       000000
__Hmediumconst                   mediumconst  000000
__HnvFARRAM                      nvFARRAM     000000
__Hnvbit                         nvbit        000000
__Hnvrram                        nvrram       000000
__Hparam                         rparam       000000
__Hpowerup                       powerup      00008C
__Hram                           ram          000000
__Hramtop                        ramtop       000800
__Hrbit                          rbit         000000
__Hrbss                          rbss         000000
__Hrdata                         rdata        000000
__Hreset_vec                     reset_vec    000004
__Hrparam                        rparam       000000
__Hsfr                           sfr          000000
__Hsmallconst                    smallconst   000000
__Hspace_0                       (abs)        000800
__Hspace_1                       (abs)        00001A
__Hspace_2                       (abs)        000000
__Hspace_4                       (abs)        60000E
__Hstack                         stack        000000
__Hstruct                        struct       000000
__Htemp                          temp         00001A
__Htext                          text         000000
__Htext0                         text0        000000
__Htext1                         text1        000000
__Htext2                         text2        000000
__Htext3                         text3        000000
__Htext4                         text4        000000
__LRAM                           (abs)        000001
__Labs1                          abs1         000000
__Lbank0                         bank0        000000
__Lbank1                         bank1        000000
__Lbank2                         bank2        000000
__Lbank3                         bank3        000000
__Lbank4                         bank4        000000
__Lbank5                         bank5        000000
__Lbank6                         bank6        000000
__Lbank7                         bank7        000000
__Lbigbss                        bigbss       000000
__Lbigdata                       bigdata      000000
__Lbigram                        bigram       000000
__Lbigsfr                        bigsfr       000000
__Lbss                           bss          000000
__LbssCOMRAM                     bssCOMRAM    000000
__Lcinit                         cinit        000000
__Lclrtext                       clrtext      000000
__Lcomram                        comram       000000
__Lconfig                        config       000000
__Lconst                         const        000000
__LcstackCOMRAM                  cstackCOMRAM 000000
__Ldata                          data         000000
__LdataCOMRAM                    dataCOMRAM   000000
__Leeprom_data                   eeprom_data  000000
__Lfarbss                        farbss       000000
__Lfardata                       fardata      000000
__Lheap                          heap         000000
__Libigdata                      ibigdata     000000
__Lidata                         idata        000000
__LidataCOMRAM                   idataCOMRAM  000000
__Lidloc                         idloc        000000
__Lifardata                      ifardata     000000
__Linit                          init         00008C
__Lintcode                       intcode      000008
__Lintcode_body                  intcode_body 000000
__Lintcodelo                     intcodelo    00008C
__Lintentry                      intentry     000000
__Lintret                        intret       000000
__Lintsave_regs                  intsave_regs 000000
__Lirdata                        irdata       000000
__Lmediumconst                   mediumconst  000000
__LnvFARRAM                      nvFARRAM     000000
__Lnvbit                         nvbit        000000
__Lnvrram                        nvrram       000000
__Lparam                         rparam       000000
__Lpowerup                       powerup      00008C
__Lram                           ram          000000
__Lramtop                        ramtop       000800
__Lrbit                          rbit         000000
__Lrbss                          rbss         000000
__Lrdata                         rdata        000000
__Lreset_vec                     reset_vec    000000
__Lrparam                        rparam       000000
__Lsfr                           sfr          000000
__Lsmallconst                    smallconst   000000
__Lspace_0                       (abs)        000000
__Lspace_1                       (abs)        000000
__Lspace_2                       (abs)        000000
__Lspace_4                       (abs)        000000
__Lstack                         stack        000000
__Lstruct                        struct       000000
__Ltemp                          temp         000019
__Ltext                          text         000000
__Ltext0                         text0        000000
__Ltext1                         text1        000000
__Ltext2                         text2        000000
__Ltext3                         text3        000000
__Ltext4                         text4        000000
__S0                             (abs)        0001F4
__S1                             (abs)        00001A
__S4                             (abs)        000000
__S5                             (abs)        000000
___heap_hi                       (abs)        000000
___heap_lo                       (abs)        000000
___inthi_sp                      stack        000000
___intlo_sp                      stack        000000
___param_bank                    (abs)        000000
___rparam_used                   (abs)        000001
___sp                            stack        000000
__accesstop                      (abs)        000060
__activetblptr                   (abs)        000002
__end_of_INTERRUPT_Global_Config text4        0001F4
__end_of_INTERRUPT_INTx_Config   text3        0001BE
__end_of_OSCILADOR_Init          text2        0001D0
__end_of_PORT_Init               text1        0001EC
__end_of_RutinaServicioInterrupt intcode      00008C
__end_of__initialization         cinit        00019C
__end_of_main                    text0        000176
__initialization                 cinit        000176
__mediumconst                    mediumconst  000000
__pbssCOMRAM                     bssCOMRAM    000016
__pcinit                         cinit        000176
__pcstackCOMRAM                  cstackCOMRAM 000011
__pdataCOMRAM                    dataCOMRAM   000001
__pidataCOMRAM                   idataCOMRAM  0001D0
__pintcode                       intcode      000008
__ptext0                         text0        000090
__ptext1                         text1        0001E0
__ptext2                         text2        0001BE
__ptext3                         text3        0001AA
__ptext4                         text4        0001EC
__ramtop                         ramtop       000800
__smallconst                     smallconst   000000
_is_bt0_pushed                   bssCOMRAM    000018
_is_bt1_pushed                   bssCOMRAM    000017
_is_bt2_pushed                   bssCOMRAM    000016
_main                            text0        000090
btemp                            temp         000019
end_of_initialization            cinit        00019C
int$flags                        temp         000019
intlevel0                        text         000000
intlevel1                        text         000000
intlevel2                        text         000000
intlevel3                        text         000000
isa$std                          (abs)        000001
isa$xinst                        (abs)        000000
main@i                           cstackCOMRAM 000014
main@i_1443                      cstackCOMRAM 000015
stackhi                          (abs)        000000
stacklo                          (abs)        000000
start                            init         00008C
start_initialization             cinit        000176
ttemp5                           temp         00001A
ttemp6                           temp         00001D
ttemp7                           temp         000021
wtemp8                           temp         00001A


MODULE INFORMATION

Module		Function		Class		Link	Load	Size
lib_pic/configDevice.c
		_OSCILADOR_Init		CODE           	01BE	0000	18

lib_pic/configDevice.c estimated size: 18

but_leds.c
		_INTERRUPT_Global_Config		CODE           	01EC	0000	8
		_main          		CODE           	0090	0000	230
		_INTERRUPT_INTx_Config		CODE           	01AA	0000	20
		_PORT_Init     		CODE           	01E0	0000	12
		_RutinaServicioInterrupt		CODE           	0008	0000	132

but_leds.c estimated size: 402

shared
		__initialization		CODE           	0176	0000	38

shared estimated size: 38

