Microchip MPLAB XC8 Compiler V2.40

Linker command line:

-W-3 \
  --edf=C:/Users/jorda/.mchp_packs/Microchip/PIC18F-K_DFP/1.8.249/xc8\pic\dat\20230209213641_en.msgs \
  -cn -h+dist/default/production\TrainerMini.X.production.sym \
  --cmf=dist/default/production\TrainerMini.X.production.cmf -z -Q18F45K50 \
  -oC:\Users\jorda\AppData\Local\Temp\xcAs1644.4 --defsym=__MPLAB_BUILD=1 \
  --fixupoverflow=error \
  -Mdist/default/production/TrainerMini.X.production.map \
  --md=C:\Users\jorda\AppData\Local\Temp\xcAs1644.dat -E1 -ver=XC8 Compiler \
  --acfsm=1493 -ACODE=00h-07FFFh -ACONST=00h-07FFFh \
  -ASMALLCONST=0800h-08FFhx120 -AMEDIUMCONST=0800h-07FFFh -ACOMRAM=01h-05Fh \
  -AABS1=00h-07FFh -ABIGRAM=01h-07FFh -ARAM=060h-0FFh,0100h-01FFhx7 \
  -ABANK0=060h-0FFh -ABANK1=0100h-01FFh -ABANK2=0200h-02FFh \
  -ABANK3=0300h-03FFh -ABANK4=0400h-04FFh -ABANK5=0500h-05FFh \
  -ABANK6=0600h-06FFh -ABANK7=0700h-07FFh -ASFR=0F53h-0F5Fh,0F60h-0FFFh \
  -ABIGSFR=0F53h-0FFFh -ACONFIG=0300000h-030000Dh -AIDLOC=0200000h-0200007h \
  -AEEDATA=0F00000h-0F000FFh -peeprom_data=EEDATA \
  -preset_vec=00h,intcode=08h,intcodelo,powerup,init -pramtop=0800h \
  -psmallconst=SMALLCONST -pmediumconst=MEDIUMCONST -pconst=CONST \
  -AFARRAM=00h-00h \
  -prdata=COMRAM,nvrram=COMRAM,nvbit=COMRAM,rbss=COMRAM,rbit=COMRAM \
  -pfarbss=FARRAM,fardata=FARRAM,nvFARRAM=FARRAM \
  -pintsave_regs=BIGRAM,bigbss=BIGRAM,bigdata=BIGRAM -pbss=RAM \
  -pidata=CODE,irdata=CODE,ibigdata=CODE,ifardata=CODE -prparam=COMRAM \
  C:\Users\jorda\AppData\Local\Temp\xcAs1644.o \
  dist/default/production\TrainerMini.X.production.o 

Object code version is 3.11

Machine type is 18F45K50



                Name                               Link     Load   Length Selector   Space Scale
C:\Users\jorda\AppData\Local\Temp\xcAs1644.o
                idloc                            200000   200000        8        0       5
                config                           300000   300000        E        0       4
                init                                106      106        4        4       0
                reset_vec                             0        0        4        0       0
dist/default/production\TrainerMini.X.production.o
                intcode                               8        8       FE        4       0
                idloc                            200000   200000        8        0       5
                config                           300000   300000        E        0       4
                temp                                 5C       5C        1        1       1
                smallconst                          800      800       1A      400       0
                text46                             1C56     1C56       5C      40D       0
                text45                             2138     2138       20      40D       0
                text44                             1B90     1B90       66      40D       0
                text43                             205E     205E       38      40D       0
                text42                             1FA8     1FA8       40      40D       0
                text41                             2112     2112       26      40D       0
                text40                             2206     2206        2      40D       0
                text39                             2026     2026       38      40D       0
                text38                             12E0     12E0      14A      40D       0
                text37                             151C     151C       F0      40D       0
                text36                             16DE     16DE       D0      40D       0
                text35                             21A4     21A4       16      40D       0
                text34                             187A     187A       CA      40D       0
                text33                             1F64     1F64       44      40D       0
                text32                             19F4     19F4       AE      40D       0
                text31                              F96      F96      1FC      40D       0
                text30                              AE2      AE2      2B6      40D       0
                text29                             1DFA     1DFA       4E      40D       0
                text28                             1DA8     1DA8       52      40D       0
                text26                             21FE     21FE        8      40D       0
                text25                             1BF6     1BF6       60      40D       0
                text24                             20EC     20EC       26      40D       0
                text23                             1AA2     1AA2       80      40D       0
                text22                             21CE     21CE       12      40D       0
                text21                             21BA     21BA       14      40D       0
                text20                             2158     2158       1E      40D       0
                text19                             218E     218E       16      40D       0
                text18                             21F0     21F0        E      40D       0
                text17                             1B22     1B22       6E      40D       0
                text16                             1FE8     1FE8       3E      40D       0
                text15                             1F20     1F20       44      40D       0
                text14                             20C4     20C4       28      40D       0
                text13                             2096     2096       2E      40D       0
                text12                             1ED8     1ED8       48      40D       0
                text11                             1192     1192      14E      40D       0
                text10                             142A     142A       F2      40D       0
                text9                              160C     160C       D2      40D       0
                text8                              2176     2176       18      40D       0
                text7                              17AE     17AE       CC      40D       0
                text6                              1E90     1E90       48      40D       0
                text5                              1944     1944       B0      40D       0
                text4                               D98      D98      1FE      40D       0
                text3                               81A      81A      2C8      40D       0
                text2                              1D56     1D56       52      40D       0
                text1                              1D04     1D04       52      40D       0
                text0                              1CB2     1CB2       52      40D       0
                cstackCOMRAM                          1        1       5A        1       1
                cstackBANK0                          60       60       69       60       1
                cstackBANK1                         137      137       29      100       1
                bssBANK1                            100      100       37      100       1
                dataBANK0                            C9       C9       10       60       1
                bssBANK0                             D9       D9        5       60       1
                bssCOMRAM                            5B       5B        1        1       1
                cinit                              1E48     1E48       48      40D       0
                idataBANK0                         21E0     21E0       10      40D       0

TOTAL           Name                               Link     Load   Length     Space
        CLASS   CODE           
                intcode                               8        8       FE         0
                init                                106      106        4         0
                reset_vec                             0        0        4         0
                text46                             1C56     1C56       5C         0
                text45                             2138     2138       20         0
                text44                             1B90     1B90       66         0
                text43                             205E     205E       38         0
                text42                             1FA8     1FA8       40         0
                text41                             2112     2112       26         0
                text40                             2206     2206        2         0
                text39                             2026     2026       38         0
                text38                             12E0     12E0      14A         0
                text37                             151C     151C       F0         0
                text36                             16DE     16DE       D0         0
                text35                             21A4     21A4       16         0
                text34                             187A     187A       CA         0
                text33                             1F64     1F64       44         0
                text32                             19F4     19F4       AE         0
                text31                              F96      F96      1FC         0
                text30                              AE2      AE2      2B6         0
                text29                             1DFA     1DFA       4E         0
                text28                             1DA8     1DA8       52         0
                text26                             21FE     21FE        8         0
                text25                             1BF6     1BF6       60         0
                text24                             20EC     20EC       26         0
                text23                             1AA2     1AA2       80         0
                text22                             21CE     21CE       12         0
                text21                             21BA     21BA       14         0
                text20                             2158     2158       1E         0
                text19                             218E     218E       16         0
                text18                             21F0     21F0        E         0
                text17                             1B22     1B22       6E         0
                text16                             1FE8     1FE8       3E         0
                text15                             1F20     1F20       44         0
                text14                             20C4     20C4       28         0
                text13                             2096     2096       2E         0
                text12                             1ED8     1ED8       48         0
                text11                             1192     1192      14E         0
                text10                             142A     142A       F2         0
                text9                              160C     160C       D2         0
                text8                              2176     2176       18         0
                text7                              17AE     17AE       CC         0
                text6                              1E90     1E90       48         0
                text5                              1944     1944       B0         0
                text4                               D98      D98      1FE         0
                text3                               81A      81A      2C8         0
                text2                              1D56     1D56       52         0
                text1                              1D04     1D04       52         0
                text0                              1CB2     1CB2       52         0
                cinit                              1E48     1E48       48         0
                idataBANK0                         21E0     21E0       10         0

        CLASS   CONST          

        CLASS   SMALLCONST     
                smallconst                          800      800       1A         0

        CLASS   MEDIUMCONST    

        CLASS   COMRAM         
                temp                                 5C       5C        1         1
                cstackCOMRAM                          1        1       5A         1
                bssCOMRAM                            5B       5B        1         1

        CLASS   ABS1           

        CLASS   BIGRAM         

        CLASS   RAM            

        CLASS   BANK0          
                cstackBANK0                          60       60       69         1
                dataBANK0                            C9       C9       10         1
                bssBANK0                             D9       D9        5         1

        CLASS   BANK1          
                cstackBANK1                         137      137       29         1
                bssBANK1                            100      100       37         1

        CLASS   BANK2          

        CLASS   BANK3          

        CLASS   BANK4          

        CLASS   BANK5          

        CLASS   BANK6          

        CLASS   BANK7          

        CLASS   SFR            

        CLASS   BIGSFR         

        CLASS   CONFIG         
                config                           300000   300000        E         4

        CLASS   IDLOC          
                idloc                            200000   200000        8         5

        CLASS   EEDATA         

        CLASS   FARRAM         

        CLASS   HEAP           

        CLASS   STACK          



SEGMENTS        Name                           Load    Length   Top    Selector   Space  Class

                reset_vec                      000000  000004  000004         0       0  CODE    
                cstackCOMRAM                   000001  00005C  00005D         1       1  COMRAM  
                intcode                        000008  000102  00010A         4       0  CODE    
                cstackBANK0                    000060  00007E  0000DE        60       1  BANK0   
                bssBANK1                       000100  000060  000160       100       1  BANK1   
                smallconst                     000800  00001A  00081A       400       0  SMALLCON
                text3                          00081A  0019EE  002208       40D       0  CODE    


UNUSED ADDRESS RANGES

        Name                Unused          Largest block    Delta
        BANK0            0000DE-0000FF               22
        BANK1            000160-0001FF               A0
        BANK2            000200-0002FF              100
        BANK3            000300-0003FF              100
        BANK4            000400-0004FF              100
        BANK5            000500-0005FF              100
        BANK6            000600-0006FF              100
        BANK7            000700-0007FF              100
        BIGRAM           00005D-00005F                3
                         0000DE-0000FF               22
                         000160-0007FF              6A0
        BIGSFR           000F53-000FFF               AD
        CODE             000004-000007                4
                         00010A-0007FF              6F6
                         002208-007FFF             5DF8
        COMRAM           00005D-00005F                3
        CONST            000004-000007                4
                         00010A-0007FF              6F6
                         002208-007FFF             5DF8
        EEDATA           F00000-F000FF              100
        MEDIUMCONST      002208-007FFF             5DF8
        RAM              0000DE-0000FF               22
                         000160-0007FF              100
        SFR              000F53-000FFF                D
        SMALLCONST       002208-007FFF              100

                                  Symbol Table

?___lodiv                        cstackBANK0  000081
?___lomod                        cstackBANK0  000081
?___wmul                         cstackBANK0  000081
?_atoi                           cstackBANK0  000087
?_isdigit                        cstackBANK0  000081
?_isspace                        cstackBANK0  000081
?_sprintf                        cstackBANK1  000149
?_vfprintf                       cstackBANK1  000143
?i2___lodiv                      cstackCOMRAM 000001
?i2___lomod                      cstackCOMRAM 000001
?i2___wmul                       cstackCOMRAM 000001
?i2_atoi                         cstackCOMRAM 000007
?i2_sprintf                      cstackBANK0  000060
?i2_vfprintf                     cstackCOMRAM 000053
Lcd_Cmd@a                        cstackBANK0  000083
Lcd_Port@a                       cstackBANK0  000081
Lcd_Set_Cursor@a                 cstackBANK0  000085
Lcd_Set_Cursor@b                 cstackBANK0  000084
Lcd_Set_Cursor@temp              cstackBANK0  000088
Lcd_Set_Cursor@y                 cstackBANK0  000087
Lcd_Set_Cursor@z                 cstackBANK0  000086
Lcd_Write_Char@a                 cstackBANK0  000084
Lcd_Write_Char@temp              cstackBANK0  000082
Lcd_Write_Char@y                 cstackBANK0  000083
Lcd_Write_String@a               cstackBANK0  000085
Lcd_Write_String@i               cstackBANK0  000087
_ADCON0bits                      (abs)        000FC2
_ADCON1bits                      (abs)        000FC1
_ADCON2bits                      (abs)        000FC0
_ADRESH                          (abs)        000FC4
_ADRESL                          (abs)        000FC3
_ANSELBbits                      (abs)        000F5C
_ANSELCbits                      (abs)        000F5D
_ANSELD                          (abs)        000F5E
_BAUDCON1                        (abs)        000FB8
_Hardware_Init                   text19       00218E
_INTCON2bits                     (abs)        000FF1
_INTCONbits                      (abs)        000FF2
_INTERRUPT_Global_Config         text26       0021FE
_Keypad4x4                       dataBANK0    0000C9
_LATB                            (abs)        000F8A
_LATD                            (abs)        000F8C
_Lcd_Clear                       text18       0021F0
_Lcd_Cmd                         text24       0020EC
_Lcd_Init                        text23       001AA2
_Lcd_Port                        text25       001BF6
_Lcd_Set_Cursor                  text17       001B22
_Lcd_Write_Char                  text16       001FE8
_Lcd_Write_String                text15       001F20
_OSCCONbits                      (abs)        000FD3
_OSCILADOR_Init                  text22       0021CE
_PIE1bits                        (abs)        000F9D
_PIR1bits                        (abs)        000F9E
_PORTB                           (abs)        000F81
_PORTD                           (abs)        000F83
_PORT_Init                       text21       0021BA
_RCONbits                        (abs)        000FD0
_RCREG1                          (abs)        000FAE
_RCSTA1                          (abs)        000FAB
_RCSTA1bits                      (abs)        000FAB
_RutinaServicioInterrupt         intcode      000008
_SPBRG1                          (abs)        000FAF
_SPBRGH1                         (abs)        000FB0
_SSP1ADD                         (abs)        000FC8
_SSP1BUF                         (abs)        000FC9
_SSP1CON1                        (abs)        000FC6
_SSP1CON1bits                    (abs)        000FC6
_SSP1CON2bits                    (abs)        000FC5
_SSP1STAT                        (abs)        000FC7
_SSP1STATbits                    (abs)        000FC7
_SSPCON2bits                     (abs)        000FC5
_T0CONbits                       (abs)        000FD5
_TMR0                            (abs)        000FD6
_TMR0_Temporizador_Init          text20       002158
_TRISB                           (abs)        000F93
_TRISBbits                       (abs)        000F93
_TRISCbits                       (abs)        000F94
_TRISD                           (abs)        000F95
_TXREG1                          (abs)        000FAD
_TXSTA1                          (abs)        000FAC
_TXSTA1bits                      (abs)        000FAC
_WPUB                            (abs)        000F85
__HRAM                           (abs)        000000
__Habs1                          abs1         000000
__Hbank0                         bank0        000000
__Hbank1                         bank1        000000
__Hbank2                         bank2        000000
__Hbank3                         bank3        000000
__Hbank4                         bank4        000000
__Hbank5                         bank5        000000
__Hbank6                         bank6        000000
__Hbank7                         bank7        000000
__Hbigbss                        bigbss       000000
__Hbigdata                       bigdata      000000
__Hbigram                        bigram       000000
__Hbigsfr                        bigsfr       000000
__Hbss                           bss          000000
__HbssBANK0                      bssBANK0     000000
__HbssBANK1                      bssBANK1     000000
__HbssCOMRAM                     bssCOMRAM    000000
__Hcinit                         cinit        000000
__Hclrtext                       clrtext      000000
__Hcomram                        comram       000000
__Hconfig                        config       30000E
__Hconst                         const        000000
__HcstackBANK0                   cstackBANK0  000000
__HcstackBANK1                   cstackBANK1  000000
__HcstackCOMRAM                  cstackCOMRAM 000000
__Hdata                          data         000000
__HdataBANK0                     dataBANK0    000000
__Heeprom_data                   eeprom_data  000000
__Hfarbss                        farbss       000000
__Hfardata                       fardata      000000
__Hheap                          heap         000000
__Hibigdata                      ibigdata     000000
__Hidata                         idata        000000
__HidataBANK0                    idataBANK0   000000
__Hidloc                         idloc        200008
__Hifardata                      ifardata     000000
__Hinit                          init         00010A
__Hintcode                       intcode      000106
__Hintcode_body                  intcode_body 000000
__Hintcodelo                     intcodelo    000106
__Hintentry                      intentry     000000
__Hintret                        intret       000000
__Hintsave_regs                  intsave_regs 000000
__Hirdata                        irdata       000000
__Hmediumconst                   mediumconst  000000
__HnvFARRAM                      nvFARRAM     000000
__Hnvbit                         nvbit        000000
__Hnvrram                        nvrram       000000
__Hparam                         rparam       000000
__Hpowerup                       powerup      000106
__Hram                           ram          000000
__Hramtop                        ramtop       000800
__Hrbit                          rbit         000000
__Hrbss                          rbss         000000
__Hrdata                         rdata        000000
__Hreset_vec                     reset_vec    000004
__Hrparam                        rparam       000000
__Hsfr                           sfr          000000
__Hsmallconst                    smallconst   00081A
__Hspace_0                       (abs)        002208
__Hspace_1                       (abs)        000160
__Hspace_2                       (abs)        000000
__Hspace_4                       (abs)        60000E
__Hstack                         stack        000000
__Hstruct                        struct       000000
__Htemp                          temp         00005D
__Htext                          text         000000
__Htext0                         text0        000000
__Htext1                         text1        000000
__Htext10                        text10       000000
__Htext11                        text11       000000
__Htext12                        text12       000000
__Htext13                        text13       000000
__Htext14                        text14       000000
__Htext15                        text15       000000
__Htext16                        text16       000000
__Htext17                        text17       000000
__Htext18                        text18       000000
__Htext19                        text19       000000
__Htext2                         text2        000000
__Htext20                        text20       000000
__Htext21                        text21       000000
__Htext22                        text22       000000
__Htext23                        text23       000000
__Htext24                        text24       000000
__Htext25                        text25       000000
__Htext26                        text26       000000
__Htext28                        text28       000000
__Htext29                        text29       000000
__Htext3                         text3        000000
__Htext30                        text30       000000
__Htext31                        text31       000000
__Htext32                        text32       000000
__Htext33                        text33       000000
__Htext34                        text34       000000
__Htext35                        text35       000000
__Htext36                        text36       000000
__Htext37                        text37       000000
__Htext38                        text38       000000
__Htext39                        text39       000000
__Htext4                         text4        000000
__Htext40                        text40       000000
__Htext41                        text41       000000
__Htext42                        text42       000000
__Htext43                        text43       000000
__Htext44                        text44       000000
__Htext45                        text45       000000
__Htext46                        text46       000000
__Htext5                         text5        000000
__Htext6                         text6        000000
__Htext7                         text7        000000
__Htext8                         text8        000000
__Htext9                         text9        000000
__LRAM                           (abs)        000001
__Labs1                          abs1         000000
__Lbank0                         bank0        000000
__Lbank1                         bank1        000000
__Lbank2                         bank2        000000
__Lbank3                         bank3        000000
__Lbank4                         bank4        000000
__Lbank5                         bank5        000000
__Lbank6                         bank6        000000
__Lbank7                         bank7        000000
__Lbigbss                        bigbss       000000
__Lbigdata                       bigdata      000000
__Lbigram                        bigram       000000
__Lbigsfr                        bigsfr       000000
__Lbss                           bss          000000
__LbssBANK0                      bssBANK0     000000
__LbssBANK1                      bssBANK1     000000
__LbssCOMRAM                     bssCOMRAM    000000
__Lcinit                         cinit        000000
__Lclrtext                       clrtext      000000
__Lcomram                        comram       000000
__Lconfig                        config       000000
__Lconst                         const        000000
__LcstackBANK0                   cstackBANK0  000000
__LcstackBANK1                   cstackBANK1  000000
__LcstackCOMRAM                  cstackCOMRAM 000000
__Ldata                          data         000000
__LdataBANK0                     dataBANK0    000000
__Leeprom_data                   eeprom_data  000000
__Lfarbss                        farbss       000000
__Lfardata                       fardata      000000
__Lheap                          heap         000000
__Libigdata                      ibigdata     000000
__Lidata                         idata        000000
__LidataBANK0                    idataBANK0   000000
__Lidloc                         idloc        000000
__Lifardata                      ifardata     000000
__Linit                          init         000106
__Lintcode                       intcode      000008
__Lintcode_body                  intcode_body 000000
__Lintcodelo                     intcodelo    000106
__Lintentry                      intentry     000000
__Lintret                        intret       000000
__Lintsave_regs                  intsave_regs 000000
__Lirdata                        irdata       000000
__Lmediumconst                   mediumconst  000000
__LnvFARRAM                      nvFARRAM     000000
__Lnvbit                         nvbit        000000
__Lnvrram                        nvrram       000000
__Lparam                         rparam       000000
__Lpowerup                       powerup      000106
__Lram                           ram          000000
__Lramtop                        ramtop       000800
__Lrbit                          rbit         000000
__Lrbss                          rbss         000000
__Lrdata                         rdata        000000
__Lreset_vec                     reset_vec    000000
__Lrparam                        rparam       000000
__Lsfr                           sfr          000000
__Lsmallconst                    smallconst   000800
__Lspace_0                       (abs)        000000
__Lspace_1                       (abs)        000000
__Lspace_2                       (abs)        000000
__Lspace_4                       (abs)        000000
__Lstack                         stack        000000
__Lstruct                        struct       000000
__Ltemp                          temp         00005C
__Ltext                          text         000000
__Ltext0                         text0        000000
__Ltext1                         text1        000000
__Ltext10                        text10       000000
__Ltext11                        text11       000000
__Ltext12                        text12       000000
__Ltext13                        text13       000000
__Ltext14                        text14       000000
__Ltext15                        text15       000000
__Ltext16                        text16       000000
__Ltext17                        text17       000000
__Ltext18                        text18       000000
__Ltext19                        text19       000000
__Ltext2                         text2        000000
__Ltext20                        text20       000000
__Ltext21                        text21       000000
__Ltext22                        text22       000000
__Ltext23                        text23       000000
__Ltext24                        text24       000000
__Ltext25                        text25       000000
__Ltext26                        text26       000000
__Ltext28                        text28       000000
__Ltext29                        text29       000000
__Ltext3                         text3        000000
__Ltext30                        text30       000000
__Ltext31                        text31       000000
__Ltext32                        text32       000000
__Ltext33                        text33       000000
__Ltext34                        text34       000000
__Ltext35                        text35       000000
__Ltext36                        text36       000000
__Ltext37                        text37       000000
__Ltext38                        text38       000000
__Ltext39                        text39       000000
__Ltext4                         text4        000000
__Ltext40                        text40       000000
__Ltext41                        text41       000000
__Ltext42                        text42       000000
__Ltext43                        text43       000000
__Ltext44                        text44       000000
__Ltext45                        text45       000000
__Ltext46                        text46       000000
__Ltext5                         text5        000000
__Ltext6                         text6        000000
__Ltext7                         text7        000000
__Ltext8                         text8        000000
__Ltext9                         text9        000000
__S0                             (abs)        002208
__S1                             (abs)        000160
__S4                             (abs)        000000
__S5                             (abs)        000000
___heap_hi                       (abs)        000000
___heap_lo                       (abs)        000000
___inthi_sp                      stack        000000
___intlo_sp                      stack        000000
___lodiv                         text10       00142A
___lodiv@counter                 cstackBANK0  000099
___lodiv@dividend                cstackBANK0  000081
___lodiv@divisor                 cstackBANK0  000089
___lodiv@quotient                cstackBANK0  000091
___lomod                         text9        00160C
___lomod@counter                 cstackBANK0  000091
___lomod@dividend                cstackBANK0  000081
___lomod@divisor                 cstackBANK0  000089
___param_bank                    (abs)        000000
___rparam_used                   (abs)        000001
___sp                            stack        000000
___wmul                          text14       0020C4
___wmul@multiplicand             cstackBANK0  000083
___wmul@multiplier               cstackBANK0  000081
___wmul@product                  cstackBANK0  000085
__accesstop                      (abs)        000060
__activetblptr                   (abs)        000002
__end_of_Hardware_Init           text19       0021A4
__end_of_INTERRUPT_Global_Config text26       002206
__end_of_Lcd_Clear               text18       0021FE
__end_of_Lcd_Cmd                 text24       002112
__end_of_Lcd_Init                text23       001B22
__end_of_Lcd_Port                text25       001C56
__end_of_Lcd_Set_Cursor          text17       001B90
__end_of_Lcd_Write_Char          text16       002026
__end_of_Lcd_Write_String        text15       001F64
__end_of_OSCILADOR_Init          text22       0021E0
__end_of_PORT_Init               text21       0021CE
__end_of_RutinaServicioInterrupt intcode      000106
__end_of_TMR0_Temporizador_Init  text20       002176
__end_of___lodiv                 text10       00151C
__end_of___lomod                 text9        0016DE
__end_of___wmul                  text14       0020EC
__end_of__initialization         cinit        001E82
__end_of_atoi                    text11       0012E0
__end_of_fputc                   text7        00187A
__end_of_fputs                   text6        001ED8
__end_of_isdigit                 text13       0020C4
__end_of_isspace                 text12       001F20
__end_of_main                    text0        001D04
__end_of_pad                     text5        0019F4
__end_of_putch                   text8        00218E
__end_of_sprintf                 text1        001D56
__end_of_utoa                    text4        000F96
__end_of_vfpfcnvrt               text3        000AE2
__end_of_vfprintf                text2        001DA8
__end_ofi2_Lcd_Cmd               text45       002158
__end_ofi2_Lcd_Port              text46       001CB2
__end_ofi2_Lcd_Set_Cursor        text44       001BF6
__end_ofi2_Lcd_Write_Char        text43       002096
__end_ofi2_Lcd_Write_String      text42       001FE8
__end_ofi2___lodiv               text37       00160C
__end_ofi2___lomod               text36       0017AE
__end_ofi2___wmul                text41       002138
__end_ofi2_atoi                  text38       00142A
__end_ofi2_fputc                 text34       001944
__end_ofi2_fputs                 text33       001FA8
__end_ofi2_isdigit               text40       002208
__end_ofi2_isspace               text39       00205E
__end_ofi2_pad                   text32       001AA2
__end_ofi2_putch                 text35       0021BA
__end_ofi2_sprintf               text28       001DFA
__end_ofi2_utoa                  text31       001192
__end_ofi2_vfpfcnvrt             text30       000D98
__end_ofi2_vfprintf              text29       001E48
__initialization                 cinit        001E48
__mediumconst                    mediumconst  000000
__pbssBANK0                      bssBANK0     0000D9
__pbssBANK1                      bssBANK1     000100
__pbssCOMRAM                     bssCOMRAM    00005B
__pcinit                         cinit        001E48
__pcstackBANK0                   cstackBANK0  000060
__pcstackBANK1                   cstackBANK1  000137
__pcstackCOMRAM                  cstackCOMRAM 000001
__pdataBANK0                     dataBANK0    0000C9
__pidataBANK0                    idataBANK0   0021E0
__pintcode                       intcode      000008
__psmallconst                    smallconst   000800
__ptext0                         text0        001CB2
__ptext1                         text1        001D04
__ptext10                        text10       00142A
__ptext11                        text11       001192
__ptext12                        text12       001ED8
__ptext13                        text13       002096
__ptext14                        text14       0020C4
__ptext15                        text15       001F20
__ptext16                        text16       001FE8
__ptext17                        text17       001B22
__ptext18                        text18       0021F0
__ptext19                        text19       00218E
__ptext2                         text2        001D56
__ptext20                        text20       002158
__ptext21                        text21       0021BA
__ptext22                        text22       0021CE
__ptext23                        text23       001AA2
__ptext24                        text24       0020EC
__ptext25                        text25       001BF6
__ptext26                        text26       0021FE
__ptext28                        text28       001DA8
__ptext29                        text29       001DFA
__ptext3                         text3        00081A
__ptext30                        text30       000AE2
__ptext31                        text31       000F96
__ptext32                        text32       0019F4
__ptext33                        text33       001F64
__ptext34                        text34       00187A
__ptext35                        text35       0021A4
__ptext36                        text36       0016DE
__ptext37                        text37       00151C
__ptext38                        text38       0012E0
__ptext39                        text39       002026
__ptext4                         text4        000D98
__ptext40                        text40       002206
__ptext41                        text41       002112
__ptext42                        text42       001FA8
__ptext43                        text43       00205E
__ptext44                        text44       001B90
__ptext45                        text45       002138
__ptext46                        text46       001C56
__ptext5                         text5        001944
__ptext6                         text6        001E90
__ptext7                         text7        0017AE
__ptext8                         text8        002176
__ptext9                         text9        00160C
__ramtop                         ramtop       000800
__smallconst                     smallconst   000800
_atoi                            text11       001192
_col                             bssCOMRAM    00005B
_dbuf                            bssBANK1     000103
_flags                           bssBANK0     0000DD
_fputc                           text7        0017AE
_fputs                           text6        001E90
_hours                           bssBANK1     000102
_isdigit                         text13       002096
_isspace                         text12       001ED8
_isspace$2097                    cstackBANK0  000085
_main                            text0        001CB2
_minutes                         bssBANK1     000101
_pad                             text5        001944
_prec                            bssBANK0     0000DB
_putch                           text8        002176
_seconds                         bssBANK1     000100
_sprintf                         text1        001D04
_strReloj                        bssBANK1     000123
_utoa                            text4        000D98
_vfpfcnvrt                       text3        00081A
_vfprintf                        text2        001D56
_width                           bssBANK0     0000D9
atoi@n                           cstackBANK0  00008E
atoi@neg                         cstackBANK0  00008C
atoi@s                           cstackBANK0  000087
btemp                            temp         00005C
end_of_initialization            cinit        001E82
fputc@c                          cstackBANK0  000082
fputc@fp                         cstackBANK0  000084
fputs@c                          cstackBANK0  00008F
fputs@fp                         cstackBANK0  00008D
fputs@i                          cstackBANK0  000090
fputs@s                          cstackBANK0  00008B
i2Lcd_Cmd@a                      cstackCOMRAM 000003
i2Lcd_Port@a                     cstackCOMRAM 000001
i2Lcd_Set_Cursor@a               cstackCOMRAM 000005
i2Lcd_Set_Cursor@b               cstackCOMRAM 000004
i2Lcd_Set_Cursor@temp            cstackCOMRAM 000008
i2Lcd_Set_Cursor@y               cstackCOMRAM 000007
i2Lcd_Set_Cursor@z               cstackCOMRAM 000006
i2Lcd_Write_Char@a               cstackCOMRAM 000004
i2Lcd_Write_Char@temp            cstackCOMRAM 000002
i2Lcd_Write_Char@y               cstackCOMRAM 000003
i2Lcd_Write_String@a             cstackCOMRAM 000005
i2Lcd_Write_String@i             cstackCOMRAM 000007
i2_Lcd_Cmd                       text45       002138
i2_Lcd_Port                      text46       001C56
i2_Lcd_Set_Cursor                text44       001B90
i2_Lcd_Write_Char                text43       00205E
i2_Lcd_Write_String              text42       001FA8
i2___lodiv                       text37       00151C
i2___lodiv@counter               cstackCOMRAM 000019
i2___lodiv@dividend              cstackCOMRAM 000001
i2___lodiv@divisor               cstackCOMRAM 000009
i2___lodiv@quotient              cstackCOMRAM 000011
i2___lomod                       text36       0016DE
i2___lomod@counter               cstackCOMRAM 000011
i2___lomod@dividend              cstackCOMRAM 000001
i2___lomod@divisor               cstackCOMRAM 000009
i2___wmul                        text41       002112
i2___wmul@multiplicand           cstackCOMRAM 000003
i2___wmul@multiplier             cstackCOMRAM 000001
i2___wmul@product                cstackCOMRAM 000005
i2_atoi                          text38       0012E0
i2_fputc                         text34       00187A
i2_fputs                         text33       001F64
i2_isdigit                       text40       002206
i2_isspace                       text39       002026
i2_pad                           text32       0019F4
i2_putch                         text35       0021A4
i2_sprintf                       text28       001DA8
i2_utoa                          text31       000F96
i2_vfpfcnvrt                     text30       000AE2
i2_vfprintf                      text29       001DFA
i2atoi@n                         cstackCOMRAM 00000E
i2atoi@neg                       cstackCOMRAM 00000C
i2atoi@s                         cstackCOMRAM 000007
i2fputc@c                        cstackCOMRAM 000002
i2fputc@fp                       cstackCOMRAM 000004
i2fputs@c                        cstackCOMRAM 00000F
i2fputs@fp                       cstackCOMRAM 00000D
i2fputs@i                        cstackCOMRAM 000010
i2fputs@s                        cstackCOMRAM 00000B
i2isdigit@c                      cstackCOMRAM 000001
i2isspace@c                      cstackCOMRAM 000001
i2pad@buf                        cstackCOMRAM 000014
i2pad@fp                         cstackCOMRAM 000012
i2pad@i                          cstackCOMRAM 000019
i2pad@p                          cstackCOMRAM 000016
i2pad@w                          cstackCOMRAM 00001B
i2putch@c                        cstackCOMRAM 000001
i2sprintf@ap                     cstackBANK0  00006A
i2sprintf@f                      cstackBANK0  00006C
i2sprintf@fmt                    cstackBANK0  000062
i2sprintf@s                      cstackBANK0  000060
i2utoa@d                         cstackCOMRAM 00001F
i2utoa@fp                        cstackCOMRAM 00001D
i2utoa@i                         cstackCOMRAM 00003B
i2utoa@n                         cstackCOMRAM 000033
i2utoa@p                         cstackCOMRAM 00002F
i2utoa@w                         cstackCOMRAM 000031
i2vfpfcnvrt@ap                   cstackCOMRAM 000041
i2vfpfcnvrt@convarg              cstackCOMRAM 000047
i2vfpfcnvrt@cp                   cstackCOMRAM 000051
i2vfpfcnvrt@done                 cstackCOMRAM 00004F
i2vfpfcnvrt@fmt                  cstackCOMRAM 00003F
i2vfpfcnvrt@fp                   cstackCOMRAM 00003D
i2vfprintf@ap                    cstackCOMRAM 000057
i2vfprintf@cfmt                  cstackCOMRAM 000059
i2vfprintf@fmt                   cstackCOMRAM 000055
i2vfprintf@fp                    cstackCOMRAM 000053
int$flags                        temp         00005C
intlevel0                        text         000000
intlevel1                        text         000000
intlevel2                        text         000000
intlevel3                        text         000000
isa$std                          (abs)        000001
isa$xinst                        (abs)        000000
isdigit@c                        cstackBANK0  000081
isspace@c                        cstackBANK0  000081
pad@buf                          cstackBANK0  000094
pad@fp                           cstackBANK0  000092
pad@i                            cstackBANK0  000099
pad@p                            cstackBANK0  000096
pad@w                            cstackBANK0  00009B
putch@c                          cstackBANK0  000081
sprintf@ap                       cstackBANK1  000153
sprintf@f                        cstackBANK1  000155
sprintf@fmt                      cstackBANK1  00014B
sprintf@s                        cstackBANK1  000149
stackhi                          (abs)        000000
stacklo                          (abs)        000000
start                            init         000106
start_initialization             cinit        001E48
ttemp5                           temp         00005D
ttemp6                           temp         000060
ttemp7                           temp         000064
utoa@d                           cstackBANK0  00009F
utoa@fp                          cstackBANK0  00009D
utoa@i                           cstackBANK0  0000BB
utoa@n                           cstackBANK0  0000B3
utoa@p                           cstackBANK0  0000AF
utoa@w                           cstackBANK0  0000B1
vfpfcnvrt@ap                     cstackBANK0  0000C1
vfpfcnvrt@convarg                cstackBANK1  000137
vfpfcnvrt@cp                     cstackBANK1  000141
vfpfcnvrt@done                   cstackBANK1  00013F
vfpfcnvrt@fmt                    cstackBANK0  0000BF
vfpfcnvrt@fp                     cstackBANK0  0000BD
vfprintf@ap                      cstackBANK1  000147
vfprintf@cfmt                    cstackBANK0  0000C7
vfprintf@fmt                     cstackBANK1  000145
vfprintf@fp                      cstackBANK1  000143
wtemp8                           temp         00005D


MODULE INFORMATION

Module		Function		Class		Link	Load	Size
C:\Program Files\Microchip\xc8\v2.40\pic\sources\c99\common\nf_fputc.c
		_fputc         		CODE           	17AE	0000	204

C:\Program Files\Microchip\xc8\v2.40\pic\sources\c99\common\nf_fputc.c estimated size: 204

C:\Program Files\Microchip\xc8\v2.40\pic\sources\c99\common\nf_sprintf.c
		_sprintf       		CODE           	1D04	0000	82

C:\Program Files\Microchip\xc8\v2.40\pic\sources\c99\common\nf_sprintf.c estimated size: 82

C:\Program Files\Microchip\xc8\v2.40\pic\sources\c99\common\isspace.c
		_isspace       		CODE           	1ED8	0000	72

C:\Program Files\Microchip\xc8\v2.40\pic\sources\c99\common\isspace.c estimated size: 72

C:\Program Files\Microchip\xc8\v2.40\pic\sources\c99\common\atoi.c
		_atoi          		CODE           	1192	0000	334

C:\Program Files\Microchip\xc8\v2.40\pic\sources\c99\common\atoi.c estimated size: 334

C:\Program Files\Microchip\xc8\v2.40\pic\sources\c99\common\Umul16.c
		___wmul        		CODE           	20C4	0000	40

C:\Program Files\Microchip\xc8\v2.40\pic\sources\c99\common\Umul16.c estimated size: 40

C:\Program Files\Microchip\xc8\v2.40\pic\sources\c99\common\isdigit.c
		_isdigit       		CODE           	2096	0000	46

C:\Program Files\Microchip\xc8\v2.40\pic\sources\c99\common\isdigit.c estimated size: 46

lib_pic/configDevice.c
		_OSCILADOR_Init		CODE           	21CE	0000	18

lib_pic/configDevice.c estimated size: 18

C:\Program Files\Microchip\xc8\v2.40\pic\sources\c99\common\nf_fputs.c
		_fputs         		CODE           	1E90	0000	72

C:\Program Files\Microchip\xc8\v2.40\pic\sources\c99\common\nf_fputs.c estimated size: 72

Gpio_Lcd_Buzzer.c
		_INTERRUPT_Global_Config		CODE           	21FE	0000	8
		_main          		CODE           	1CB2	0000	82
		_PORT_Init     		CODE           	21BA	0000	20
		_RutinaServicioInterrupt		CODE           	0008	0000	254
		_Hardware_Init 		CODE           	218E	0000	22
		_TMR0_Temporizador_Init		CODE           	2158	0000	30

Gpio_Lcd_Buzzer.c estimated size: 416

C:\Program Files\Microchip\xc8\v2.40\pic\sources\c99\common\lomod.c
		___lomod       		CODE           	160C	0000	210

C:\Program Files\Microchip\xc8\v2.40\pic\sources\c99\common\lomod.c estimated size: 210

lib_pic/usart.c
		_putch         		CODE           	2176	0000	24

lib_pic/usart.c estimated size: 24

shared
		i2_vfpfcnvrt   		CODE           	0AE2	0000	694
		i2_pad         		CODE           	19F4	0000	174
		i2_atoi        		CODE           	12E0	0000	330
		i2_putch       		CODE           	21A4	0000	22
		i2_isspace     		CODE           	2026	0000	56
		i2_utoa        		CODE           	0F96	0000	508
		i2_vfprintf    		CODE           	1DFA	0000	78
		i2_isdigit     		CODE           	2206	0000	2
		i2_Lcd_Write_Char		CODE           	205E	0000	56
		i2___wmul      		CODE           	2112	0000	38
		i2_Lcd_Port    		CODE           	1C56	0000	92
		i2_Lcd_Cmd     		CODE           	2138	0000	32
		__initialization		CODE           	1E48	0000	58
		i2___lodiv     		CODE           	151C	0000	240
		i2_Lcd_Set_Cursor		CODE           	1B90	0000	102
		i2_sprintf     		CODE           	1DA8	0000	82
		i2___lomod     		CODE           	16DE	0000	208
		i2_Lcd_Write_String		CODE           	1FA8	0000	64
		i2_fputc       		CODE           	187A	0000	202
		i2_fputs       		CODE           	1F64	0000	68

shared estimated size: 3106

lib_pic/lcd_2x16.c
		_Lcd_Write_String		CODE           	1F20	0000	68
		_Lcd_Init      		CODE           	1AA2	0000	128
		_Lcd_Write_Char		CODE           	1FE8	0000	62
		_Lcd_Cmd       		CODE           	20EC	0000	38
		_Lcd_Set_Cursor		CODE           	1B22	0000	110
		_Lcd_Clear     		CODE           	21F0	0000	14
		_Lcd_Port      		CODE           	1BF6	0000	96

lib_pic/lcd_2x16.c estimated size: 516

C:\Program Files\Microchip\xc8\v2.40\pic\sources\c99\common\doprnt.c
		_vfpfcnvrt     		CODE           	081A	0000	712
		_pad           		CODE           	1944	0000	176
		_vfprintf      		CODE           	1D56	0000	82
		_utoa          		CODE           	0D98	0000	510

C:\Program Files\Microchip\xc8\v2.40\pic\sources\c99\common\doprnt.c estimated size: 1480

C:\Program Files\Microchip\xc8\v2.40\pic\sources\c99\common\lodiv.c
		___lodiv       		CODE           	142A	0000	242

C:\Program Files\Microchip\xc8\v2.40\pic\sources\c99\common\lodiv.c estimated size: 242

